controller\AdminAttendanceView$2.class
util\LanguageManager.class
model\Calificacion.class
service\CalificationService.class
com\edugrade\controllers\DetalleCursoController$StudentRow.class
model\Rol.class
com\edugrade\controller\AsistenciaController$1.class
model\Matricula$EstadoMatricula.class
com\edugrade\controllers\CursoController$8.class
model\PeriodoAcademico$TipoPeriodo.class
com\edugrade\controllers\MaestrosController$2.class
com\edugrade\controllers\DetalleCursoController$2.class
model\AsignacionMaestro.class
repository\UsuarioRepositry.class
com\edugrade\model\Student$Gender.class
model\Materia.class
repository\CursoRepository.class
com\edugrade\cell\GradeInputCell.class
com\edugrade\controllers\CursoController$5.class
com\edugrade\controller\GradesController.class
com\edugrade\controllers\DetalleCursoController$TeacherRow.class
com\edugrade\model\Student.class
util\DataStore$TeacherInfo.class
com\edugrade\controller\GradesController$2.class
ui\LuminaAcademyFX.class
com\edugrade\controllers\CursoController$2.class
com\edugrade\controllers\MaestrosController.class
model\Asistencia$EstadoAsistencia.class
model\Estudiante.class
com\edugrade\controllers\DetalleProfesorController.class
model\TipoEvaluacion.class
com\edugrade\cell\StudentCell.class
model\Grado.class
com\edugrade\controllers\DetalleProfesorController$1.class
com\edugrade\controllers\MaestrosController$4.class
util\DataStore.class
controller\AdminAttendanceView$4.class
controller\Asistencia.class
controller\Profesor.class
model\Usuario.class
service\AsistenciaService.class
com\edugrade\controller\AsistenciaController$AsistenciaCellFactory.class
com\edugrade\controller\AsistenciaController$Genero.class
controller\LoginController.class
com\edugrade\controllers\CursoController.class
controller\MainController$SearchResult.class
service\CalificationService$PeriodoCerradoException.class
com\edugrade\controllers\CursoController$6.class
controller\Configuracion.class
repository\AsistenciaRepository.class
model\Asistencia.class
com\edugrade\controller\AsistenciaController.class
com\edugrade\controllers\CursoController$7.class
com\edugrade\controllers\CursoController$CourseRow.class
com\edugrade\controllers\MaestrosController$3.class
security\GoogleOAuthService.class
com\edugrade\controllers\DetalleProfesorController$AsistenciaRow.class
service\qr\QRGeneratorService.class
com\edugrade\controllers\DetalleCursoController.class
model\SesionLog$MetodoAuth.class
com\edugrade\controllers\DetalleCursoController$3.class
model\SesionLog.class
repository\CalificacionRepository.class
model\PeriodoAcademico.class
com\edugrade\controllers\MaestrosController$6.class
util\DataStore$ScheduleInfo.class
com\edugrade\controllers\CursoController$4.class
model\Horario.class
security\PasswordService.class
controller\DetalleProfesorController$1.class
com\edugrade\controllers\CursoController$1.class
controller\AdminAttendanceView.class
controller\AdminAttendanceView$3.class
com\edugrade\controller\AsistenciaController$2.class
model\Seccion.class
util\DataStore$StudentInfo.class
model\Estudiante$Genero.class
repository\EstudianteRepository.class
com\edugrade\controller\AsistenciaController$EstudianteModel.class
com\edugrade\controllers\MaestrosController$1.class
model\Curso.class
service\AsistenciaService$1.class
model\NivelEducativo.class
com\edugrade\controllers\DetalleCursoController$1.class
config\Hibernate_config.class
controller\Profesor$Genero.class
util\SesionManager.class
util\DataStore$CourseInfo.class
theme\ThemeManager.class
controller\AdminAttendanceView$StudentAttendance.class
controller\RegisterController.class
controller\MainController.class
controller\DetalleProfesorController.class
util\NavigationUtil.class
com\edugrade\controller\GradesController$1.class
com\edugrade\controllers\MaestrosController$5.class
com\edugrade\controllers\CursoController$3.class
model\Matricula.class
com\edugrade\controllers\MaestrosController$TeacherRow.class
repository\AsignacionRepository.class
com\edugrade\controller\AsistenciaController$EstudianteCellFactory.class
controller\AdminAttendanceView$AttendanceStatus.class
com\edugrade\controller\AsistenciaController$EstadoAsistencia.class
controller\AdminAttendanceView$1.class
