C:\Users\angel\Downloads\scratch\LuminaAcademy\src\main\java\repository\UsuarioRepositry.java
C:\Users\angel\Downloads\scratch\LuminaAcademy\src\main\java\model\Grado.java
C:\Users\angel\Downloads\scratch\LuminaAcademy\src\main\java\ui\LuminaAcademyFX.java
C:\Users\angel\Downloads\scratch\LuminaAcademy\src\main\java\model\Materia.java
C:\Users\angel\Downloads\scratch\LuminaAcademy\src\main\java\security\PasswordService.java
C:\Users\angel\Downloads\scratch\LuminaAcademy\src\main\java\theme\ThemeManager.java
C:\Users\angel\Downloads\scratch\LuminaAcademy\src\main\java\model\Seccion.java
C:\Users\angel\Downloads\scratch\LuminaAcademy\src\main\java\com\edugrade\cell\GradeInputCell.java
C:\Users\angel\Downloads\scratch\LuminaAcademy\src\main\java\security\GoogleOAuthService.java
C:\Users\angel\Downloads\scratch\LuminaAcademy\src\main\java\controller\MainController.java
C:\Users\angel\Downloads\scratch\LuminaAcademy\src\main\java\controller\RegisterController.java
C:\Users\angel\Downloads\scratch\LuminaAcademy\src\main\java\util\LanguageManager.java
C:\Users\angel\Downloads\scratch\LuminaAcademy\src\main\java\repository\AsignacionRepository.java
C:\Users\angel\Downloads\scratch\LuminaAcademy\src\main\java\repository\AsistenciaRepository.java
C:\Users\angel\Downloads\scratch\LuminaAcademy\src\main\java\service\qr\QRGeneratorService.java
C:\Users\angel\Downloads\scratch\LuminaAcademy\src\main\java\model\Asistencia.java
C:\Users\angel\Downloads\scratch\LuminaAcademy\src\main\java\model\Calificacion.java
C:\Users\angel\Downloads\scratch\LuminaAcademy\src\main\java\util\SesionManager.java
C:\Users\angel\Downloads\scratch\LuminaAcademy\src\main\java\com\edugrade\controllers\DetalleProfesorController.java
C:\Users\angel\Downloads\scratch\LuminaAcademy\src\main\java\model\Curso.java
C:\Users\angel\Downloads\scratch\LuminaAcademy\src\main\java\com\edugrade\controllers\CursoController.java
C:\Users\angel\Downloads\scratch\LuminaAcademy\src\main\java\controller\DetalleProfesorController.java
C:\Users\angel\Downloads\scratch\LuminaAcademy\src\main\java\controller\LoginController.java
C:\Users\angel\Downloads\scratch\LuminaAcademy\src\main\java\model\Matricula.java
C:\Users\angel\Downloads\scratch\LuminaAcademy\src\main\java\com\edugrade\controllers\DetalleCursoController.java
C:\Users\angel\Downloads\scratch\LuminaAcademy\src\main\java\model\NivelEducativo.java
C:\Users\angel\Downloads\scratch\LuminaAcademy\src\main\java\model\Rol.java
C:\Users\angel\Downloads\scratch\LuminaAcademy\src\main\java\com\edugrade\controller\AsistenciaController.java
C:\Users\angel\Downloads\scratch\LuminaAcademy\src\main\java\model\Horario.java
C:\Users\angel\Downloads\scratch\LuminaAcademy\src\main\java\com\edugrade\cell\StudentCell.java
C:\Users\angel\Downloads\scratch\LuminaAcademy\src\main\java\repository\CalificacionRepository.java
C:\Users\angel\Downloads\scratch\LuminaAcademy\src\main\java\controller\Configuracion.java
C:\Users\angel\Downloads\scratch\LuminaAcademy\src\main\java\repository\CursoRepository.java
C:\Users\angel\Downloads\scratch\LuminaAcademy\src\main\java\model\AsignacionMaestro.java
C:\Users\angel\Downloads\scratch\LuminaAcademy\src\main\java\service\CalificationService.java
C:\Users\angel\Downloads\scratch\LuminaAcademy\src\main\java\model\PeriodoAcademico.java
C:\Users\angel\Downloads\scratch\LuminaAcademy\src\main\java\repository\EstudianteRepository.java
C:\Users\angel\Downloads\scratch\LuminaAcademy\src\main\java\model\TipoEvaluacion.java
C:\Users\angel\Downloads\scratch\LuminaAcademy\src\main\java\util\NavigationUtil.java
C:\Users\angel\Downloads\scratch\LuminaAcademy\src\main\java\model\Usuario.java
C:\Users\angel\Downloads\scratch\LuminaAcademy\src\main\java\config\Hibernate_config.java
C:\Users\angel\Downloads\scratch\LuminaAcademy\src\main\java\model\Estudiante.java
C:\Users\angel\Downloads\scratch\LuminaAcademy\src\main\java\com\edugrade\controller\GradesController.java
C:\Users\angel\Downloads\scratch\LuminaAcademy\src\main\java\util\DataStore.java
C:\Users\angel\Downloads\scratch\LuminaAcademy\src\main\java\com\edugrade\controllers\MaestrosController.java
C:\Users\angel\Downloads\scratch\LuminaAcademy\src\main\java\com\edugrade\model\Student.java
C:\Users\angel\Downloads\scratch\LuminaAcademy\src\main\java\model\SesionLog.java
C:\Users\angel\Downloads\scratch\LuminaAcademy\src\main\java\service\AsistenciaService.java
C:\Users\angel\Downloads\scratch\LuminaAcademy\src\main\java\controller\AdminAttendanceView.java
